version https://git-lfs.github.com/spec/v1
oid sha256:7e5aa82075bc0ce4b5816f086844ae0ce9d718088e74214ce4f7a39696847fd0
size 87551
