version https://git-lfs.github.com/spec/v1
oid sha256:10bf09600bbaba588290f0cfce5a680b9e0c72bc7a73670c86f3fac0c9399a65
size 45264
