version https://git-lfs.github.com/spec/v1
oid sha256:cc4fa652d937f821ee4011a756263482d38b2f4aabe2d454ff0746b8755044c7
size 10098863
