version https://git-lfs.github.com/spec/v1
oid sha256:5f55b5e48881ac46004a6c505f04dac5d47b9c3ad41828936e531640aa236ab1
size 141136
