version https://git-lfs.github.com/spec/v1
oid sha256:89eb601de98b7008386036f76505a2fc25374f88583db50aa2633e3b2899269e
size 143692
