version https://git-lfs.github.com/spec/v1
oid sha256:a7d6e5dc667052d3967da0e2b9e1a5213112b0403e99280287da2822aa7805ec
size 59034
