version https://git-lfs.github.com/spec/v1
oid sha256:5db605c3158d6035a609dabb1a5e6d69f71c2cfb3f0e74f4532b336ef264bb69
size 37349
