version https://git-lfs.github.com/spec/v1
oid sha256:918238cd5d5bb2e221082d870659db5921e87072bff72067332c555f9c467b78
size 25528
