version https://git-lfs.github.com/spec/v1
oid sha256:e4f5cee46ab3da659f85eace2a15d0afa58e2ce8a85be04a477809e40a42f011
size 147638
