version https://git-lfs.github.com/spec/v1
oid sha256:e4aee5889197ebfbea6d564b79e57d286dd678c27d6d78b650c72b933bc7bbd8
size 196808
