version https://git-lfs.github.com/spec/v1
oid sha256:e93e3db7efa939b749454bd3344ffc7dadd055c055ca5a1c0d7a57e857573a63
size 53324
