version https://git-lfs.github.com/spec/v1
oid sha256:f5f830df82582ad1db5f73f7d61b862fb093958e4e9e88c842c7fbc70d8617a3
size 71503
