version https://git-lfs.github.com/spec/v1
oid sha256:97b33e46cb363bfae97115d4f57f47c62b7d451f24bd5e812db7dd2cd8f18623
size 137266
