version https://git-lfs.github.com/spec/v1
oid sha256:f8773b53a75a23c0bab1c54701dc235c2fa5114c977f4eaf675a70c0dbdeba04
size 170485
