version https://git-lfs.github.com/spec/v1
oid sha256:13e22b33d3c0cd026f81bd3ef59394b49abe01f8e025243be9672157fcd10b3d
size 5397461
